// Jest Snapshot v1, https://goo.gl/fbAQLP

exports[`modules/manager/rpm/extract extractPackageFile() extracts multiple dependencies 1`] = `
{
  "deps": [
    {
      "currentValue": "1.75.0-1.el9",
      "currentVersion": "1.75.0-1.el9",
      "datasource": "rpm-lockfile",
      "depName": "cargo",
      "packageName": "cargo",
      "versioning": "rpm",
    },
    {
      "currentValue": "11.4.1-3.el9",
      "currentVersion": "11.4.1-3.el9",
      "datasource": "rpm-lockfile",
      "depName": "cpp",
      "packageName": "cpp",
      "versioning": "rpm",
    },
    {
      "currentValue": "11.4.1-3.el9",
      "currentVersion": "11.4.1-3.el9",
      "datasource": "rpm-lockfile",
      "depName": "gcc",
      "packageName": "gcc",
      "versioning": "rpm",
    },
    {
      "currentValue": "2.34-100.el9_4.4",
      "currentVersion": "2.34-100.el9_4.4",
      "datasource": "rpm-lockfile",
      "depName": "glibc-devel",
      "packageName": "glibc-devel",
      "versioning": "rpm",
    },
    {
      "currentValue": "2.34-100.el9_4.4",
      "currentVersion": "2.34-100.el9_4.4",
      "datasource": "rpm-lockfile",
      "depName": "glibc-headers",
      "packageName": "glibc-headers",
      "versioning": "rpm",
    },
    {
      "currentValue": "5.14.0-427.42.1.el9_4",
      "currentVersion": "5.14.0-427.42.1.el9_4",
      "datasource": "rpm-lockfile",
      "depName": "kernel-headers",
      "packageName": "kernel-headers",
      "versioning": "rpm",
    },
    {
      "currentValue": "1.2.1-4.el9",
      "currentVersion": "1.2.1-4.el9",
      "datasource": "rpm-lockfile",
      "depName": "libmpc",
      "packageName": "libmpc",
      "versioning": "rpm",
    },
    {
      "currentValue": "4.4.18-3.el9",
      "currentVersion": "4.4.18-3.el9",
      "datasource": "rpm-lockfile",
      "depName": "libxcrypt-devel",
      "packageName": "libxcrypt-devel",
      "versioning": "rpm",
    },
    {
      "currentValue": "17.0.6-5.el9",
      "currentVersion": "17.0.6-5.el9",
      "datasource": "rpm-lockfile",
      "depName": "llvm-libs",
      "packageName": "llvm-libs",
      "versioning": "rpm",
    },
    {
      "currentValue": "1.75.0-1.el9",
      "currentVersion": "1.75.0-1.el9",
      "datasource": "rpm-lockfile",
      "depName": "rust",
      "packageName": "rust",
      "versioning": "rpm",
    },
    {
      "currentValue": "1.75.0-1.el9",
      "currentVersion": "1.75.0-1.el9",
      "datasource": "rpm-lockfile",
      "depName": "rust-std-static",
      "packageName": "rust-std-static",
      "versioning": "rpm",
    },
    {
      "currentValue": "2.35.2-43.el9",
      "currentVersion": "2.35.2-43.el9",
      "datasource": "rpm-lockfile",
      "depName": "binutils",
      "packageName": "binutils",
      "versioning": "rpm",
    },
    {
      "currentValue": "2.35.2-43.el9",
      "currentVersion": "2.35.2-43.el9",
      "datasource": "rpm-lockfile",
      "depName": "binutils-gold",
      "packageName": "binutils-gold",
      "versioning": "rpm",
    },
    {
      "currentValue": "0.190-2.el9",
      "currentVersion": "0.190-2.el9",
      "datasource": "rpm-lockfile",
      "depName": "elfutils-debuginfod-client",
      "packageName": "elfutils-debuginfod-client",
      "versioning": "rpm",
    },
    {
      "currentValue": "2.34-100.el9_4.4",
      "currentVersion": "2.34-100.el9_4.4",
      "datasource": "rpm-lockfile",
      "depName": "glibc",
      "packageName": "glibc",
      "versioning": "rpm",
    },
    {
      "currentValue": "2.34-100.el9_4.4",
      "currentVersion": "2.34-100.el9_4.4",
      "datasource": "rpm-lockfile",
      "depName": "glibc-common",
      "packageName": "glibc-common",
      "versioning": "rpm",
    },
    {
      "currentValue": "2.34-100.el9_4.4",
      "currentVersion": "2.34-100.el9_4.4",
      "datasource": "rpm-lockfile",
      "depName": "glibc-langpack-en",
      "packageName": "glibc-langpack-en",
      "versioning": "rpm",
    },
    {
      "currentValue": "2.34-100.el9_4.4",
      "currentVersion": "2.34-100.el9_4.4",
      "datasource": "rpm-lockfile",
      "depName": "glibc-minimal-langpack",
      "packageName": "glibc-minimal-langpack",
      "versioning": "rpm",
    },
    {
      "currentValue": "3.1-38.20210216cvs.el9",
      "currentVersion": "3.1-38.20210216cvs.el9",
      "datasource": "rpm-lockfile",
      "depName": "libedit",
      "packageName": "libedit",
      "versioning": "rpm",
    },
    {
      "currentValue": "1.7.3-10.el9",
      "currentVersion": "1.7.3-10.el9",
      "datasource": "rpm-lockfile",
      "depName": "libpkgconf",
      "packageName": "libpkgconf",
      "versioning": "rpm",
    },
    {
      "currentValue": "1:4.3-8.el9",
      "currentVersion": "1:4.3-8.el9",
      "datasource": "rpm-lockfile",
      "depName": "make",
      "packageName": "make",
      "versioning": "rpm",
    },
    {
      "currentValue": "1.7.3-10.el9",
      "currentVersion": "1.7.3-10.el9",
      "datasource": "rpm-lockfile",
      "depName": "pkgconf",
      "packageName": "pkgconf",
      "versioning": "rpm",
    },
    {
      "currentValue": "1.7.3-10.el9",
      "currentVersion": "1.7.3-10.el9",
      "datasource": "rpm-lockfile",
      "depName": "pkgconf-m4",
      "packageName": "pkgconf-m4",
      "versioning": "rpm",
    },
    {
      "currentValue": "1.7.3-10.el9",
      "currentVersion": "1.7.3-10.el9",
      "datasource": "rpm-lockfile",
      "depName": "pkgconf-pkg-config",
      "packageName": "pkgconf-pkg-config",
      "versioning": "rpm",
    },
  ],
  "lockFiles": [
    "rpms.lock.yaml",
  ],
}
`;
